severity:
  - LOW
  - MEDIUM
  - HIGH
  - CRITICAL

scan:
  scanners:
    - vuln
    - secret
