mode: remote
provider: gh
organization: troubleshoot-codacy-dev
repository: codacy-cli-test