runtimes:
    - node@22.2.0
    - python@3.11.11
    - dart@3.7.2
    - java@17.0.10
tools:
    - eslint@8.57.0
    - trivy@0.59.1
    - pylint@3.3.6
    - pmd@6.55.0
    - dartanalyzer@3.7.2
    - semgrep@1.78.0
    - lizard@1.17.19