<?xml version="1.0"?>
<ruleset name="Codacy PMD Ruleset"
    xmlns="http://pmd.sourceforge.net/ruleset/2.0.0"
    xmlns:xsi="http://www.w3.org/2001/XMLSchema-instance"
    xsi:schemaLocation="http://pmd.sourceforge.net/ruleset/2.0.0 https://pmd.sourceforge.io/ruleset_2_0_0.xsd">
    <description>Codacy PMD Ruleset</description>

    <rule ref="category/apex/design.xml/ExcessivePublicCount"/>
    <rule ref="category/java/bestpractices.xml/JUnitTestsShouldIncludeAssert"/>
    <rule ref="category/java/codestyle.xml/ShortMethodName"/>
    <rule ref="category/java/errorprone.xml/AssignmentToNonFinalStatic"/>
</ruleset>